// Vitest Snapshot v1, https://vitest.dev/guide/snapshot.html

exports[`serverless deploy > should export 'env' file 1`] = `
"FOO=bar
STAGE=dev
REGION=us-east-1
SERVICE=acme-service"
`;

exports[`serverless deploy > should export 'env' file 2`] = `
"ServerlessDeploymentBucketName=acme-service-dev-serverlessdeploymentbuck-857cbe80
Function1LambdaFunctionQualifiedArn=arn:aws:lambda:us-east-1:000000000000:function:acme-service-dev-function1:4
Foo=bar
BucketName=acme-service-dev-bucket"
`;

exports[`serverless package > should export 'env' file 1`] = `
"FOO=bar
STAGE=dev
REGION=us-east-1
SERVICE=acme-service"
`;
